<?xml version="1.0" encoding="UTF-8"?>
<testsuites name="jest tests" tests="12" failures="0" errors="0" time="0.46">
  <testsuite name="stats page real report links" errors="0" failures="0" skipped="0" timestamp="2026-05-29T09:45:20" time="0.427" tests="12">
    <testcase classname="stats page real report links" name="week report keeps deleted habit row when it only has historical checkins" time="0.014">
    </testcase>
    <testcase classname="stats page real report links" name="mergeWithDeletedHabits supports cloud habit_id and checkin_date logs" time="0.002">
    </testcase>
    <testcase classname="stats page real report links" name="week month and year reports keep deleted habit colors from real logs" time="0.007">
    </testcase>
    <testcase classname="stats page real report links" name="week month and year reports support cloud log fields for deleted habits" time="0.004">
    </testcase>
    <testcase classname="stats page real report links" name="deleted then re-added active habit keeps colors from real cloud logs" time="0.004">
    </testcase>
    <testcase classname="stats page real report links" name="therapy and daily-life deleted habits keep week month year colors from real logs" time="0.053">
    </testcase>
    <testcase classname="stats page real report links" name="catalog habits with strategy habit_id match report logs after deletion" time="0.005">
    </testcase>
    <testcase classname="stats page real report links" name="known catalog habits use habit-specific themes even when stored as default blue" time="0.01">
    </testcase>
    <testcase classname="stats page real report links" name="deleted checked habits normalize stale theme classes even when iconUrl exists" time="0.008">
    </testcase>
    <testcase classname="stats page real report links" name="deleted habit styles do not override checked cells to gray" time="0.001">
    </testcase>
    <testcase classname="stats page real report links" name="checked report styles have theme color fallbacks" time="0">
    </testcase>
    <testcase classname="stats page real report links" name="report cells bind each habit theme class directly" time="0.001">
    </testcase>
  </testsuite>
</testsuites>